bno055_stm32.h:20:6:bno055_assignI2C	16	static
bno055_stm32.h:24:6:bno055_delay	16	static
bno055_stm32.h:32:6:bno055_writeData	40	static
bno055_stm32.h:96:6:bno055_readData	24	static
main.c:144:6:PrintString	16	static
main.c:168:5:main	128	static
main.c:475:6:SystemClock_Config	88	static
main.c:515:13:MX_ADC1_Init	24	static
main.c:573:13:MX_ADC2_Init	24	static
main.c:623:13:MX_ADC3_Init	24	static
main.c:673:13:MX_SPI2_Init	8	static
main.c:711:13:MX_UART4_Init	8	static
main.c:744:13:MX_UART5_Init	8	static
main.c:777:13:MX_USART1_UART_Init	8	static
main.c:810:13:MX_USART2_UART_Init	8	static
main.c:843:13:MX_USART3_UART_Init	8	static
main.c:876:13:MX_GPIO_Init	48	static
main.c:986:6:ADC1_Select_CH0	24	static
main.c:998:6:ADC1_Select_CH9	24	static
main.c:1010:7:ADCtoTemp	32	static
main.c:1062:6:Error_Handler	4	static
