stm32_tm1637.c:32:6:tm1637Init	40	static
stm32_tm1637.c:48:6:tm1637DisplayDecimal	32	static
stm32_tm1637.c:78:6:tm1637SetBrightness	16	static
stm32_tm1637.c:91:6:_tm1637Start	8	static
stm32_tm1637.c:99:6:_tm1637Stop	8	static
stm32_tm1637.c:110:6:_tm1637ReadResult	8	static
stm32_tm1637.c:120:6:_tm1637WriteByte	24	static
stm32_tm1637.c:137:6:_tm1637DelayUsec	16	static
stm32_tm1637.c:147:6:_tm1637ClkHigh	8	static
stm32_tm1637.c:152:6:_tm1637ClkLow	8	static
stm32_tm1637.c:157:6:_tm1637DioHigh	8	static
stm32_tm1637.c:162:6:_tm1637DioLow	8	static
